[2025-12-17 17:22:56] [INFO] Application Started
[2025-12-17 17:22:56] [INFO] CameraProvider: Attempting to open camera ID 0
[2025-12-17 17:22:57] [INFO] CameraProvider: Camera initialized successfully (640x480).
[2025-12-17 17:22:57] [INFO] Main: Components initialized. Starting loop.
[2025-12-17 17:22:59] [INFO] Mode: Normal
[2025-12-17 17:22:59] [INFO] Mode: Invert
[2025-12-17 17:22:59] [INFO] Mode: Blur
[2025-12-17 17:23:00] [INFO] Mode: Canny
[2025-12-17 17:23:00] [INFO] Mode: Sobel
[2025-12-17 17:23:01] [INFO] Mode: Threshold
[2025-12-17 17:23:01] [INFO] Mode: Glitch
[2025-12-17 17:23:02] [INFO] Mode: PiP
[2025-12-17 17:23:07] [INFO] Mode: Normal
[2025-12-17 17:23:08] [INFO] Face Detection: ON
[2025-12-17 17:23:14] [INFO] Face Detection: OFF
[2025-12-17 17:23:16] [INFO] Main: ESC pressed. Stopping application.
[2025-12-17 17:23:16] [INFO] Application Stopped
[2025-12-17 17:23:16] [INFO] CameraProvider: Camera released.
[2025-12-17 17:52:43] [INFO] Application Started
[2025-12-17 17:52:43] [INFO] CameraProvider: Attempting to open camera ID 0
[2025-12-17 17:52:45] [INFO] CameraProvider: Camera initialized successfully (640x480).
[2025-12-17 17:52:45] [INFO] Main: Components initialized. Starting loop.
[2025-12-17 17:52:46] [INFO] Mode: Normal
[2025-12-17 17:52:46] [INFO] Mode: Invert
[2025-12-17 17:52:47] [INFO] Mode: Blur
[2025-12-17 17:52:47] [INFO] Mode: Canny
[2025-12-17 17:52:48] [INFO] Mode: Sobel
[2025-12-17 17:52:48] [INFO] Mode: Threshold
[2025-12-17 17:52:48] [INFO] Mode: Glitch
[2025-12-17 17:52:51] [INFO] Face Detection: ON
[2025-12-17 17:52:55] [INFO] Face Detection: OFF
[2025-12-17 17:52:56] [INFO] Main: ESC pressed. Stopping application.
[2025-12-17 17:52:56] [INFO] Application Stopped
[2025-12-17 17:52:56] [INFO] CameraProvider: Camera released.
[2025-12-17 18:13:19] [INFO] ConfigManager: Configuration loaded successfully from settings.json
[2025-12-17 18:13:19] [INFO] Application Started
[2025-12-17 18:13:19] [INFO] CameraProvider: Opening camera ID 0
[2025-12-17 18:13:20] [INFO] CameraProvider: Initialized with resolution 640x480
[2025-12-17 18:13:24] [INFO] Mode: Normal
[2025-12-17 18:13:24] [INFO] Mode: Invert
[2025-12-17 18:13:25] [INFO] Mode: Blur
[2025-12-17 18:13:25] [INFO] Mode: Canny
[2025-12-17 18:13:26] [INFO] Mode: Sobel
[2025-12-17 18:13:26] [INFO] Mode: Threshold
[2025-12-17 18:13:27] [INFO] Mode: Glitch
[2025-12-17 18:13:28] [INFO] Mode: PiP
[2025-12-17 18:13:31] [INFO] Mode: Normal
[2025-12-17 18:13:32] [INFO] Face Detection: ON
[2025-12-17 18:13:38] [INFO] Application Stopped
[2025-12-17 18:17:45] [INFO] ConfigManager: Configuration loaded successfully from settings.json
[2025-12-17 18:17:45] [INFO] Application Started
[2025-12-17 18:17:45] [INFO] CameraProvider: Opening camera ID 0
[2025-12-17 18:17:45] [INFO] CameraProvider: Initialized with resolution 1920x1280
[2025-12-17 18:17:45] [INFO] Application Stopped
[2025-12-17 18:21:33] [INFO] ConfigManager: Configuration loaded successfully from settings.json
[2025-12-17 18:21:33] [INFO] Application Started
[2025-12-17 18:21:33] [INFO] CameraProvider: Opening camera ID 0
[2025-12-17 18:21:34] [INFO] CameraProvider: Initialized with resolution 1920x1080
[2025-12-17 18:21:34] [INFO] Application Stopped
[2025-12-17 18:21:59] [INFO] ConfigManager: Configuration loaded successfully from settings.json
[2025-12-17 18:21:59] [INFO] Application Started
[2025-12-17 18:21:59] [INFO] CameraProvider: Opening camera ID 0
[2025-12-17 18:22:01] [INFO] CameraProvider: Initialized with resolution 1280x720
[2025-12-17 18:22:01] [INFO] Application Stopped
[2025-12-17 18:22:35] [INFO] ConfigManager: Configuration loaded successfully from settings.json
[2025-12-17 18:22:35] [INFO] Application Started
[2025-12-17 18:22:35] [INFO] CameraProvider: Opening camera ID 0
[2025-12-17 18:22:37] [INFO] CameraProvider: Initialized with resolution 640x480
[2025-12-17 18:22:39] [INFO] Mode: Invert
[2025-12-17 18:22:40] [INFO] Mode: Blur
[2025-12-17 18:22:41] [INFO] Mode: Canny
[2025-12-17 18:22:42] [INFO] Mode: Sobel
[2025-12-17 18:22:43] [INFO] Mode: Threshold
[2025-12-17 18:22:45] [INFO] Mode: Normal
[2025-12-17 18:23:04] [INFO] Application Stopped
[2025-12-17 18:23:10] [INFO] ConfigManager: Configuration loaded successfully from settings.json
[2025-12-17 18:23:10] [INFO] Application Started
[2025-12-17 18:23:10] [INFO] CameraProvider: Opening camera ID 0
[2025-12-17 18:23:12] [INFO] CameraProvider: Initialized with resolution 640x480
[2025-12-17 18:24:29] [INFO] Application Stopped
[2025-12-17 18:31:02] [INFO] ConfigManager: Configuration loaded successfully from settings.json
[2025-12-17 18:31:02] [INFO] Application Started
[2025-12-17 18:31:02] [INFO] CameraProvider: Opening camera ID 0
[2025-12-17 18:31:03] [INFO] CameraProvider: Initialized with resolution 640x480
[2025-12-17 18:31:04] [INFO] Face Detection: ON
[2025-12-17 18:31:09] [INFO] Face Detection: OFF
[2025-12-17 18:31:09] [INFO] Application Stopped
